#!/usr/bin/python3
"""
Module for testing print_square function.
"""
>>> print_square = __import__('0-print_square').print_square

# Test 1:
>>> print_square(3)
###
###
###

# Test 2:
>>> print_square(-12)
Traceback (most recent call last):
ValueError: size must be >= 0

# Test 3:
>>> print_square()
Traceback (most recent call last):
TypeError: print_square() missing 1 required positional argument: 'size'

# Test 4:
>>> print_square(0)

# Test 5:
>>> print_square("Juan")
Traceback (most recent call last):
TypeError: size must be an integer

# Test 6:
>>> print_square(4, 7)
Traceback (most recent call last):
TypeError: print_square() takes 1 positional argument but 2 were given

# Test 7:
>>> print_square(19.28)
Traceback (most recent call last):
TypeError: size must be an integer

# Test 8:
>>> print_square("5")
Traceback (most recent call last):
TypeError: size must be an integer

# Test 9:
>>> print_square(=)
Traceback (most recent call last):
SyntaxError: invalid syntax

# Test 10:
>>> print_square({4})
Traceback (most recent call last):
TypeError: size must be an integer
